// Jest Snapshot v1, https://goo.gl/fbAQLP

exports[`Modal renders correctly 1`] = `
<div>
  <div
    data-testid="modals"
    id="modals"
  >
    <div
      class="modal"
      id="TestModal"
      role="complementary"
    >
      <div
        class="modal-mask"
      />
      <div
        class="modal-content"
      >
        <div
          data-testid="modal"
        >
          TestModal
        </div>
      </div>
    </div>
  </div>
  <button
    class="button button__primary-lg "
    data-centered="false"
    data-disabled="false"
    tabindex="0"
    type="button"
  >
    Open TestModal
  </button>
  <button
    class="button button__primary-lg "
    data-centered="false"
    data-disabled="false"
    tabindex="0"
    type="button"
  >
    Close TestModal
  </button>
</div>
`;
