// Jest Snapshot v1, https://goo.gl/fbAQLP

exports[`Switcher renders correctly with props 1`] = `
<div>
  <div
    class="switcher"
  >
    <div
      class="switcher-side"
      data-side="left"
    />
    <div
      class="switcher-section"
      data-active="true"
    >
      <span>
        test-1
      </span>
    </div>
    <div
      class="switcher-section"
      data-active="false"
    >
      <span>
        test-2
      </span>
    </div>
    <div
      class="switcher-section"
      data-active="false"
    >
      <span>
        test-3
      </span>
    </div>
  </div>
</div>
`;
