// Jest Snapshot v1, https://goo.gl/fbAQLP

exports[`Footer renders correctly 1`] = `
<div>
  <div
    class="footer"
    role="contentinfo"
  >
    <div
      class="container"
    >
      <nav
        role="navigation"
      >
        <ul>
          <li>
            <a
              href="/"
            >
              Home
            </a>
          </li>
          <li>
            <a
              href="/typography"
            >
              Typography
            </a>
          </li>
          <li>
            <a
              href="/sign-in"
            >
              Sign in
            </a>
          </li>
          <li>
            <a
              href="/sign-up"
            >
              Sign up
            </a>
          </li>
          <li>
            <a
              href="/dynamic"
            >
              Dynamic
            </a>
          </li>
        </ul>
      </nav>
    </div>
  </div>
</div>
`;
