// Jest Snapshot v1, https://goo.gl/fbAQLP

exports[`Input renders correctly 1`] = `
<div>
  <div
    class="input"
  >
    <div
      class="input-inner"
    >
      <div
        class="input-inner__prefix"
      />
      <input
        autocomplete="on"
        data-testid="input"
        id="input"
        name="input"
        placeholder="Type a text"
        tabindex="0"
        type="text"
        value=""
      />
      <div
        class="input-inner__suffix"
      >
        <i
          class="icon"
        >
          <test-file-stub
            classname="input-inner__suffix-times"
            data-testid="input-times"
            name="times"
          />
        </i>
      </div>
    </div>
  </div>
</div>
`;
