// Jest Snapshot v1, https://goo.gl/fbAQLP

exports[`Input renders correctly 1`] = `
<div>
  <div
    class="input"
  >
    <div
      class="inputInner"
    >
      <input
        autocomplete="on"
        data-cursor="true"
        data-prefix="false"
        data-suffix="false"
        id="input"
        name="input"
        placeholder="Type a text"
        tabindex="0"
        type="text"
        value=""
      />
      <div
        class="inputInnerPrefix"
        data-prefix="false"
      />
      <div
        class="inputInnerSuffix"
        data-suffix="false"
      />
    </div>
  </div>
</div>
`;
