// Jest Snapshot v1, https://goo.gl/fbAQLP

exports[`FormSubmit renders correctly 1`] = `
<div>
  <div
    class="formSubmit"
  >
    <button
      class="button button__primary-md "
      data-centered="true"
      data-disabled="false"
      tabindex="0"
      type="submit"
    >
      children
    </button>
  </div>
</div>
`;
