// Jest Snapshot v1, https://goo.gl/fbAQLP

exports[`Header renders correctly 1`] = `
<div>
  <div
    class="header"
  >
    <div
      class="container"
    >
      <test-file-stub
        height="100"
        style="position: absolute; top: 0px; right: 0px;"
        width="100"
      />
      <nav
        data-direction="horizontal"
        role="navigation"
      >
        <ul>
          <li>
            <a
              href="/"
            >
              Home
            </a>
          </li>
          <li>
            <a
              href="/typography"
            >
              Typography
            </a>
          </li>
          <li>
            <a
              href="/sign-in"
            >
              Sign in
            </a>
          </li>
          <li>
            <a
              href="/sign-up"
            >
              Sign up
            </a>
          </li>
          <li>
            <a
              href="/dynamic"
            >
              Dynamic
            </a>
          </li>
        </ul>
      </nav>
    </div>
  </div>
</div>
`;
