// Jest Snapshot v1, https://goo.gl/fbAQLP

exports[`Form renders correctly 1`] = `
<div>
  <form
    class="form undefined"
    novalidate=""
  >
    <div
      class="input"
      data-direction="vertical"
    >
      <label
        data-required="true"
        for="email"
      >
        Email
      </label>
      <div
        class="inputInner"
      >
        <input
          autocomplete="on"
          data-cursor="true"
          data-error="false"
          data-prefix="false"
          data-suffix="false"
          data-times="true"
          id="email"
          name="email"
          placeholder="Type a text"
          tabindex="0"
          type="email"
          value=""
        />
        <div
          class="inputInnerPrefix"
          data-prefix="false"
        />
        <div
          class="inputInnerSuffix"
          data-suffix="false"
        >
          <test-file-stub
            classname="inputInnerSuffixTimes"
          />
        </div>
      </div>
    </div>
    <button
      class="button button__primary-md formSubmit"
      data-centered="true"
      data-disabled="false"
      data-size="md"
      tabindex="0"
      type="submit"
    >
      Submit
    </button>
  </form>
</div>
`;
