// Jest Snapshot v1, https://goo.gl/fbAQLP

exports[`Navigation renders correctly 1`] = `
<div>
  <nav
    class="navigation"
    role="navigation"
  >
    <ul
      class="navigation-list"
    >
      <li
        class="navigation-list-item"
        data-active="false"
      >
        <div
          class="navigation-list-item-icon"
        />
        <div
          class="navigation-list-item-link"
        >
          Page0
        </div>
      </li>
      <li
        class="navigation-list-item"
        data-active="false"
      >
        <div
          class="navigation-list-item-icon"
        />
        <div
          class="navigation-list-item-link"
        >
          Page1
        </div>
      </li>
      <li
        class="navigation-list-item"
        data-active="false"
      >
        <div
          class="navigation-list-item-icon"
        />
        <div
          class="navigation-list-item-link"
        >
          Page2
        </div>
      </li>
      <li
        class="navigation-list-item"
        data-active="false"
      >
        <div
          class="navigation-list-item-icon"
        />
        <div
          class="navigation-list-item-link"
        >
          Page3
        </div>
      </li>
    </ul>
  </nav>
</div>
`;
