// Jest Snapshot v1, https://goo.gl/fbAQLP

exports[`Autocomplete renders correctly 1`] = `
<div>
  <div
    class="select"
  >
    <div
      class="selectInput"
    >
      <label
        data-required="false"
        for="autocomplete"
      >
        Autocomplete
      </label>
      <input
        autocomplete="off"
        class="selectInputInner"
        data-cursor="true"
        id="autocomplete"
        placeholder="Select an option"
        tabindex="0"
        type="text"
        value="Admin"
      />
      <test-file-stub
        classname="selectArrow"
        data-active="false"
      />
      <ul
        class="dropdown"
        data-opened="false"
        data-selection="true"
        data-testid="dropdown"
      >
        <li>
          User
        </li>
        <li>
          Admin
        </li>
      </ul>
    </div>
  </div>
</div>
`;
