// Jest Snapshot v1, https://goo.gl/fbAQLP

exports[`Table renders correctly 1`] = `
<div>
  <div
    class="grid-table"
    style="grid-template-columns: repeat(6, 1fr);"
  >
    <div
      class="grid-table-column"
    >
      Column1
    </div>
    <div
      class="grid-table-column"
    >
      Column2
    </div>
    <div
      class="grid-table-column"
    >
      Column3
    </div>
    <div
      class="grid-table-column"
    >
      Column4
    </div>
    <div
      class="grid-table-column"
    >
      Column5
    </div>
    <div
      class="grid-table-column"
    >
      Column6
    </div>
    <div
      class="grid-table-cell"
    >
      Column10
    </div>
    <div
      class="grid-table-cell"
    >
      Column20
    </div>
    <div
      class="grid-table-cell"
    >
      Column30
    </div>
    <div
      class="grid-table-cell"
    >
      Column40
    </div>
    <div
      class="grid-table-cell"
    >
      Column50
    </div>
    <div
      class="grid-table-cell"
    >
      Column60
    </div>
    <div
      class="grid-table-cell"
    >
      Column11
    </div>
    <div
      class="grid-table-cell"
    >
      Column21
    </div>
    <div
      class="grid-table-cell"
    >
      Column31
    </div>
    <div
      class="grid-table-cell"
    >
      Column41
    </div>
    <div
      class="grid-table-cell"
    >
      Column51
    </div>
    <div
      class="grid-table-cell"
    >
      Column61
    </div>
    <div
      class="grid-table-cell"
    >
      Column12
    </div>
    <div
      class="grid-table-cell"
    >
      Column22
    </div>
    <div
      class="grid-table-cell"
    >
      Column32
    </div>
    <div
      class="grid-table-cell"
    >
      Column42
    </div>
    <div
      class="grid-table-cell"
    >
      Column52
    </div>
    <div
      class="grid-table-cell"
    >
      Column62
    </div>
    <div
      class="grid-table-cell"
    >
      Column13
    </div>
    <div
      class="grid-table-cell"
    >
      Column23
    </div>
    <div
      class="grid-table-cell"
    >
      Column33
    </div>
    <div
      class="grid-table-cell"
    >
      Column43
    </div>
    <div
      class="grid-table-cell"
    >
      Column53
    </div>
    <div
      class="grid-table-cell"
    >
      Column63
    </div>
    <div
      class="grid-table-cell"
    >
      Column14
    </div>
    <div
      class="grid-table-cell"
    >
      Column24
    </div>
    <div
      class="grid-table-cell"
    >
      Column34
    </div>
    <div
      class="grid-table-cell"
    >
      Column44
    </div>
    <div
      class="grid-table-cell"
    >
      Column54
    </div>
    <div
      class="grid-table-cell"
    >
      Column64
    </div>
    <div
      class="grid-table-cell"
    >
      Column15
    </div>
    <div
      class="grid-table-cell"
    >
      Column25
    </div>
    <div
      class="grid-table-cell"
    >
      Column35
    </div>
    <div
      class="grid-table-cell"
    >
      Column45
    </div>
    <div
      class="grid-table-cell"
    >
      Column55
    </div>
    <div
      class="grid-table-cell"
    >
      Column65
    </div>
    <div
      class="grid-table-cell"
    >
      Column16
    </div>
    <div
      class="grid-table-cell"
    >
      Column26
    </div>
    <div
      class="grid-table-cell"
    >
      Column36
    </div>
    <div
      class="grid-table-cell"
    >
      Column46
    </div>
    <div
      class="grid-table-cell"
    >
      Column56
    </div>
    <div
      class="grid-table-cell"
    >
      Column66
    </div>
    <div
      class="grid-table-cell"
    >
      Column17
    </div>
    <div
      class="grid-table-cell"
    >
      Column27
    </div>
    <div
      class="grid-table-cell"
    >
      Column37
    </div>
    <div
      class="grid-table-cell"
    >
      Column47
    </div>
    <div
      class="grid-table-cell"
    >
      Column57
    </div>
    <div
      class="grid-table-cell"
    >
      Column67
    </div>
    <div
      class="grid-table-cell"
    >
      Column18
    </div>
    <div
      class="grid-table-cell"
    >
      Column28
    </div>
    <div
      class="grid-table-cell"
    >
      Column38
    </div>
    <div
      class="grid-table-cell"
    >
      Column48
    </div>
    <div
      class="grid-table-cell"
    >
      Column58
    </div>
    <div
      class="grid-table-cell"
    >
      Column68
    </div>
    <div
      class="grid-table-cell"
    >
      Column19
    </div>
    <div
      class="grid-table-cell"
    >
      Column29
    </div>
    <div
      class="grid-table-cell"
    >
      Column39
    </div>
    <div
      class="grid-table-cell"
    >
      Column49
    </div>
    <div
      class="grid-table-cell"
    >
      Column59
    </div>
    <div
      class="grid-table-cell"
    >
      Column69
    </div>
  </div>
</div>
`;
