// Jest Snapshot v1, https://goo.gl/fbAQLP

exports[`List renders correctly 1`] = `
<div>
  <div
    class="list"
    style="margin: -1.4285714285714286rem -0.7142857142857143rem;"
  >
    <div
      class="listEmpty"
      style="margin: 1.4285714285714286rem 0.7142857142857143rem;"
    >
      <i>
        Not found
      </i>
    </div>
  </div>
</div>
`;
