// Jest Snapshot v1, https://goo.gl/fbAQLP

exports[`Pagination renders correctly 1`] = `
<div>
  <nav
    class="pagination"
    role="pagination"
  >
    <ul
      class="paginationList"
    >
      <li
        class="paginationListItem"
        data-active="true"
        tabindex="0"
      >
        1
      </li>
      <li
        class="paginationListItem"
        data-active="false"
        tabindex="0"
      >
        2
      </li>
      <li
        class="paginationListItem"
        data-active="false"
        tabindex="0"
      >
        3
      </li>
      <li
        class="paginationListItem"
        data-active="false"
        tabindex="0"
      >
        4
      </li>
      <li
        class="paginationListItem"
        data-active="false"
        tabindex="0"
      >
        5
      </li>
    </ul>
  </nav>
</div>
`;
