// Jest Snapshot v1, https://goo.gl/fbAQLP

exports[`Table renders correctly 1`] = `
<div>
  <table
    class="table"
  >
    <thead
      class="tableHead"
    >
      <tr
        class="table-head-tr"
      >
        <th
          class="table-head-tr-th"
        >
          Имя
        </th>
        <th
          class="table-head-tr-th"
        >
          Фамилия
        </th>
        <th
          class="table-head-tr-th"
        >
          Возраст
        </th>
        <th
          class="table-head-tr-th"
        />
      </tr>
    </thead>
    <tbody
      class="tableBody"
    >
      <tr
        class="table-body-tr"
      >
        <td
          class="table-body-tr-td"
        >
          <div
            class="table-body-tr-td__inner"
          >
            John
          </div>
        </td>
        <td
          class="table-body-tr-td"
        >
          <div
            class="table-body-tr-td__inner"
          >
            Doe
          </div>
        </td>
        <td
          class="table-body-tr-td"
          style="width: 100px;"
        >
          <div
            class="table-body-tr-td__inner"
          >
            0
          </div>
        </td>
        <td
          class="table-body-tr-td"
        >
          <div
            class="table-body-tr-td__inner"
          >
            <button
              class="button button__secondary-md "
              data-centered="false"
              data-disabled="false"
              type="button"
            >
              Get Info
            </button>
          </div>
        </td>
      </tr>
      <tr
        class="table-body-tr"
      >
        <td
          class="table-body-tr-td"
        >
          <div
            class="table-body-tr-td__inner"
          >
            John
          </div>
        </td>
        <td
          class="table-body-tr-td"
        >
          <div
            class="table-body-tr-td__inner"
          >
            Doe
          </div>
        </td>
        <td
          class="table-body-tr-td"
          style="width: 100px;"
        >
          <div
            class="table-body-tr-td__inner"
          >
            1
          </div>
        </td>
        <td
          class="table-body-tr-td"
        >
          <div
            class="table-body-tr-td__inner"
          >
            <button
              class="button button__secondary-md "
              data-centered="false"
              data-disabled="false"
              type="button"
            >
              Get Info
            </button>
          </div>
        </td>
      </tr>
      <tr
        class="table-body-tr"
      >
        <td
          class="table-body-tr-td"
        >
          <div
            class="table-body-tr-td__inner"
          >
            John
          </div>
        </td>
        <td
          class="table-body-tr-td"
        >
          <div
            class="table-body-tr-td__inner"
          >
            Doe
          </div>
        </td>
        <td
          class="table-body-tr-td"
          style="width: 100px;"
        >
          <div
            class="table-body-tr-td__inner"
          >
            2
          </div>
        </td>
        <td
          class="table-body-tr-td"
        >
          <div
            class="table-body-tr-td__inner"
          >
            <button
              class="button button__secondary-md "
              data-centered="false"
              data-disabled="false"
              type="button"
            >
              Get Info
            </button>
          </div>
        </td>
      </tr>
      <tr
        class="table-body-tr"
      >
        <td
          class="table-body-tr-td"
        >
          <div
            class="table-body-tr-td__inner"
          >
            John
          </div>
        </td>
        <td
          class="table-body-tr-td"
        >
          <div
            class="table-body-tr-td__inner"
          >
            Doe
          </div>
        </td>
        <td
          class="table-body-tr-td"
          style="width: 100px;"
        >
          <div
            class="table-body-tr-td__inner"
          >
            3
          </div>
        </td>
        <td
          class="table-body-tr-td"
        >
          <div
            class="table-body-tr-td__inner"
          >
            <button
              class="button button__secondary-md "
              data-centered="false"
              data-disabled="false"
              type="button"
            >
              Get Info
            </button>
          </div>
        </td>
      </tr>
      <tr
        class="table-body-tr"
      >
        <td
          class="table-body-tr-td"
        >
          <div
            class="table-body-tr-td__inner"
          >
            John
          </div>
        </td>
        <td
          class="table-body-tr-td"
        >
          <div
            class="table-body-tr-td__inner"
          >
            Doe
          </div>
        </td>
        <td
          class="table-body-tr-td"
          style="width: 100px;"
        >
          <div
            class="table-body-tr-td__inner"
          >
            4
          </div>
        </td>
        <td
          class="table-body-tr-td"
        >
          <div
            class="table-body-tr-td__inner"
          >
            <button
              class="button button__secondary-md "
              data-centered="false"
              data-disabled="false"
              type="button"
            >
              Get Info
            </button>
          </div>
        </td>
      </tr>
      <tr
        class="table-body-tr"
      >
        <td
          class="table-body-tr-td"
        >
          <div
            class="table-body-tr-td__inner"
          >
            John
          </div>
        </td>
        <td
          class="table-body-tr-td"
        >
          <div
            class="table-body-tr-td__inner"
          >
            Doe
          </div>
        </td>
        <td
          class="table-body-tr-td"
          style="width: 100px;"
        >
          <div
            class="table-body-tr-td__inner"
          >
            5
          </div>
        </td>
        <td
          class="table-body-tr-td"
        >
          <div
            class="table-body-tr-td__inner"
          >
            <button
              class="button button__secondary-md "
              data-centered="false"
              data-disabled="false"
              type="button"
            >
              Get Info
            </button>
          </div>
        </td>
      </tr>
      <tr
        class="table-body-tr"
      >
        <td
          class="table-body-tr-td"
        >
          <div
            class="table-body-tr-td__inner"
          >
            John
          </div>
        </td>
        <td
          class="table-body-tr-td"
        >
          <div
            class="table-body-tr-td__inner"
          >
            Doe
          </div>
        </td>
        <td
          class="table-body-tr-td"
          style="width: 100px;"
        >
          <div
            class="table-body-tr-td__inner"
          >
            6
          </div>
        </td>
        <td
          class="table-body-tr-td"
        >
          <div
            class="table-body-tr-td__inner"
          >
            <button
              class="button button__secondary-md "
              data-centered="false"
              data-disabled="false"
              type="button"
            >
              Get Info
            </button>
          </div>
        </td>
      </tr>
      <tr
        class="table-body-tr"
      >
        <td
          class="table-body-tr-td"
        >
          <div
            class="table-body-tr-td__inner"
          >
            John
          </div>
        </td>
        <td
          class="table-body-tr-td"
        >
          <div
            class="table-body-tr-td__inner"
          >
            Doe
          </div>
        </td>
        <td
          class="table-body-tr-td"
          style="width: 100px;"
        >
          <div
            class="table-body-tr-td__inner"
          >
            7
          </div>
        </td>
        <td
          class="table-body-tr-td"
        >
          <div
            class="table-body-tr-td__inner"
          >
            <button
              class="button button__secondary-md "
              data-centered="false"
              data-disabled="false"
              type="button"
            >
              Get Info
            </button>
          </div>
        </td>
      </tr>
      <tr
        class="table-body-tr"
      >
        <td
          class="table-body-tr-td"
        >
          <div
            class="table-body-tr-td__inner"
          >
            John
          </div>
        </td>
        <td
          class="table-body-tr-td"
        >
          <div
            class="table-body-tr-td__inner"
          >
            Doe
          </div>
        </td>
        <td
          class="table-body-tr-td"
          style="width: 100px;"
        >
          <div
            class="table-body-tr-td__inner"
          >
            8
          </div>
        </td>
        <td
          class="table-body-tr-td"
        >
          <div
            class="table-body-tr-td__inner"
          >
            <button
              class="button button__secondary-md "
              data-centered="false"
              data-disabled="false"
              type="button"
            >
              Get Info
            </button>
          </div>
        </td>
      </tr>
      <tr
        class="table-body-tr"
      >
        <td
          class="table-body-tr-td"
        >
          <div
            class="table-body-tr-td__inner"
          >
            John
          </div>
        </td>
        <td
          class="table-body-tr-td"
        >
          <div
            class="table-body-tr-td__inner"
          >
            Doe
          </div>
        </td>
        <td
          class="table-body-tr-td"
          style="width: 100px;"
        >
          <div
            class="table-body-tr-td__inner"
          >
            9
          </div>
        </td>
        <td
          class="table-body-tr-td"
        >
          <div
            class="table-body-tr-td__inner"
          >
            <button
              class="button button__secondary-md "
              data-centered="false"
              data-disabled="false"
              type="button"
            >
              Get Info
            </button>
          </div>
        </td>
      </tr>
    </tbody>
  </table>
</div>
`;
