// Jest Snapshot v1, https://goo.gl/fbAQLP

exports[`HomeModal renders correctly 1`] = `
<div>
  <div
    id="modals"
  />
  <div
    class="modal"
    data-opened="true"
    id="HomeModal"
    role="complementary"
  >
    <div
      class="modal-mask"
    />
    <div
      class="modal-content"
      style="width: 25rem;"
    >
      <div
        class="home-modal"
      >
        <header
          class="modal-header"
        >
          <h3>
            Home modal
          </h3>
        </header>
        <div>
          Random number from modal state: 
        </div>
        <footer
          class="modal-footer"
        >
          <div>
            Close
          </div>
        </footer>
      </div>
    </div>
  </div>
</div>
`;
